1780474257628	geckodriver	INFO	Listening on 127.0.0.1:52284
1780474260699	mozrunner::runner	INFO	Running command: "C:\\Program Files\\Mozilla Firefox\\firefox.exe" "--marionette" "--remote-debugging-port" "52285" "--remote-allow-hosts" "localhost" "-no-remote" "-profile" "C:\\Users\\THAMAZ~1\\AppData\\Local\\Temp\\rust_mozprofileie3LSR"
Dynamically enable window occlusion 0
1780474261485	Marionette	INFO	Marionette enabled
1780474261630	Marionette	INFO	Listening on port 64238
WebDriver BiDi listening on ws://127.0.0.1:52285
Read port: 64238
1780474261823	RemoteAgent	WARN	TLS certificate errors will be ignored for this session
console.error: (new TypeError("can't access property \"find\", this._searchProviderInfo is null", "moz-src:///browser/components/search/SearchSERPTelemetry.sys.mjs", 1206))
JavaScript error: moz-src:///browser/components/search/SearchSERPTelemetry.sys.mjs, line 1206: TypeError: can't access property "find", this._searchProviderInfo is null
console.log: "RemoteSettingsWorker error: UnknownError: IndexedDB:   The operation failed for reasons unrelated to the database itself and not covered by any other error code."
console.log: "RemoteSettingsWorker error: AbortError: IndexedDB:  execute() A request was aborted, for example through a call to IDBTransaction.abort."
[ERROR shell_windows::limited_access_features] Error generating feature token: NS_ERROR_FAILURE
[ERROR shell_windows::limited_access_features] Error generating feature token: NS_ERROR_FAILURE
console.error: RSLoader: 
  Failed to retrieve recipes from Remote Settings
  Message: Error: Could not sync nimbus-desktop-experiments: get-exception
  Stack:
    RemoteSettingsSyncError@resource://nimbus/lib/RemoteSettingsExperimentLoader.sys.mjs:1414:5
getRecipesFromCollection@resource://nimbus/lib/RemoteSettingsExperimentLoader.sys.mjs:681:13

1780474273652	Marionette	INFO	Stopped listening on port 64238
Dynamically enable window occlusion 1
